Last login: Wed Apr 15 10:35:35 on ttys000
(base) arlo_cuadrado@Arlos-Mac-mini backendhearmeout % 
(base) arlo_cuadrado@Arlos-Mac-mini backendhearmeout % 
(base) arlo_cuadrado@Arlos-Mac-mini backendhearmeout % pwd
/Users/arlo_cuadrado/Documents/dev/strapi_projects/hearMeOutProject/backendhearmeout
(base) arlo_cuadrado@Arlos-Mac-mini backendhearmeout % 
(base) arlo_cuadrado@Arlos-Mac-mini backendhearmeout % 
(base) arlo_cuadrado@Arlos-Mac-mini backendhearmeout % ls -a
.			database
..			dist
.env			favicon.png
.env.example		license.txt
.git			node_modules
.gitignore		package-lock.json
.strapi			package.json
.strapi-updater.json	public
.tmp			src
README.md		tsconfig.json
config			types
(base) arlo_cuadrado@Arlos-Mac-mini backendhearmeout % 
(base) arlo_cuadrado@Arlos-Mac-mini backendhearmeout % 
(base) arlo_cuadrado@Arlos-Mac-mini backendhearmeout % 
(base) arlo_cuadrado@Arlos-Mac-mini backendhearmeout % ls -a
.			database
..			dist
.env			favicon.png
.env.example		license.txt
.git			node_modules
.gitignore		package-lock.json
.strapi			package.json
.strapi-updater.json	public
.tmp			src
README.md		tsconfig.json
config			types
(base) arlo_cuadrado@Arlos-Mac-mini backendhearmeout % 
(base) arlo_cuadrado@Arlos-Mac-mini backendhearmeout % 
(base) arlo_cuadrado@Arlos-Mac-mini backendhearmeout % 
(base) arlo_cuadrado@Arlos-Mac-mini backendhearmeout % 
(base) arlo_cuadrado@Arlos-Mac-mini backendhearmeout % git init
Reinitialized existing Git repository in /Users/arlo_cuadrado/Documents/dev/strapi_projects/hearMeOutProject/backendhearmeout/.git/
(base) arlo_cuadrado@Arlos-Mac-mini backendhearmeout % 
(base) arlo_cuadrado@Arlos-Mac-mini backendhearmeout % 
(base) arlo_cuadrado@Arlos-Mac-mini backendhearmeout % 
(base) arlo_cuadrado@Arlos-Mac-mini backendhearmeout % git status
On branch main
Untracked files:
  (use "git add <file>..." to include in what will be committed)
	src/api/admin-blog/
	src/api/artist/
	src/components/
	src/extensions/users-permissions/
	types/

nothing added to commit but untracked files present (use "git add" to track)
(base) arlo_cuadrado@Arlos-Mac-mini backendhearmeout % git init
Reinitialized existing Git repository in /Users/arlo_cuadrado/Documents/dev/strapi_projects/hearMeOutProject/backendhearmeout/.git/
(base) arlo_cuadrado@Arlos-Mac-mini backendhearmeout % 
(base) arlo_cuadrado@Arlos-Mac-mini backendhearmeout % git status
On branch main
Untracked files:
  (use "git add <file>..." to include in what will be committed)
	src/api/admin-blog/
	src/api/artist/
	src/components/
	src/extensions/users-permissions/
	types/

nothing added to commit but untracked files present (use "git add" to track)
(base) arlo_cuadrado@Arlos-Mac-mini backendhearmeout % 
(base) arlo_cuadrado@Arlos-Mac-mini backendhearmeout % 
(base) arlo_cuadrado@Arlos-Mac-mini backendhearmeout % git remote add origin https://github.com/arley-cuadrado/backendhearmeout.git
(base) arlo_cuadrado@Arlos-Mac-mini backendhearmeout % git branch -M main
(base) arlo_cuadrado@Arlos-Mac-mini backendhearmeout % 
(base) arlo_cuadrado@Arlos-Mac-mini backendhearmeout % git push -u origin main
Enumerating objects: 27, done.
Counting objects: 100% (27/27), done.
Delta compression using up to 12 threads
Compressing objects: 100% (24/24), done.
Writing objects: 100% (27/27), 170.20 KiB | 17.02 MiB/s, done.
Total 27 (delta 0), reused 0 (delta 0), pack-reused 0 (from 0)
To https://github.com/arley-cuadrado/backendhearmeout.git
 * [new branch]      main -> main
branch 'main' set up to track 'origin/main'.
(base) arlo_cuadrado@Arlos-Mac-mini backendhearmeout % 
(base) arlo_cuadrado@Arlos-Mac-mini backendhearmeout % 
(base) arlo_cuadrado@Arlos-Mac-mini backendhearmeout % git status
On branch main
Your branch is up to date with 'origin/main'.

Untracked files:
  (use "git add <file>..." to include in what will be committed)
	src/api/admin-blog/
	src/api/artist/
	src/components/
	src/extensions/users-permissions/
	types/

nothing added to commit but untracked files present (use "git add" to track)
(base) arlo_cuadrado@Arlos-Mac-mini backendhearmeout % 
(base) arlo_cuadrado@Arlos-Mac-mini backendhearmeout % 
(base) arlo_cuadrado@Arlos-Mac-mini backendhearmeout % 
(base) arlo_cuadrado@Arlos-Mac-mini backendhearmeout % ,nano
zsh: command not found: ,nano
(base) arlo_cuadrado@Arlos-Mac-mini backendhearmeout % nano

  UW PICO 5.09                                                                                           New Buffer                                                                                            Modified  

node_modules
.tmp
.cache
.env
build
dist
public/uploads




























































^G Get Help                         ^O WriteOut                         ^R Read File                        ^Y Prev Pg                          ^K Cut Text                         ^C Cur Pos                          
^X Exit                             ^J Justify                          ^W Where is                         ^V Next Pg                          ^U UnCut Text                       ^T To Spell                         
